user@user-H81M-S:~$ pwd
/home/user
user@user-H81M-S:~$ mkdir Dhaval-DEVOPS-28
user@user-H81M-S:~$ cd Dhaval-DEVOPS-28
user@user-H81M-S:~/Dhaval-DEVOPS-28$ ls
user@user-H81M-S:~/Dhaval-DEVOPS-28$ ls -a
.  ..
user@user-H81M-S:~/Dhaval-DEVOPS-28$ git config --global user.email "dhavalshree.khedkar@gmail.com"
user@user-H81M-S:~/Dhaval-DEVOPS-28$ git config --global --list 
user.name=dhaval
user.email=dhavalshree.khedkar@gmail.com
user@user-H81M-S:~/Dhaval-DEVOPS-28$ mkdir devops-git-demo
user@user-H81M-S:~/Dhaval-DEVOPS-28$ cd devops-git-demo/
user@user-H81M-S:~/Dhaval-DEVOPS-28/devops-git-demo$ ls
user@user-H81M-S:~/Dhaval-DEVOPS-28/devops-git-demo$ ls -a
.  ..
user@user-H81M-S:~/Dhaval-DEVOPS-28/devops-git-demo$ git init
Initialized empty Git repository in /home/user/Dhaval-DEVOPS-28/devops-git-demo/.git/
user@user-H81M-S:~/Dhaval-DEVOPS-28/devops-git-demo$ ls -a
.  ..  .git
user@user-H81M-S:~/Dhaval-DEVOPS-28/devops-git-demo$ nano dhaval.py
user@user-H81M-S:~/Dhaval-DEVOPS-28/devops-git-demo$ gedit abc.c
user@user-H81M-S:~/Dhaval-DEVOPS-28/devops-git-demo$ ls
dhaval.py
user@user-H81M-S:~/Dhaval-DEVOPS-28/devops-git-demo$ git add .
user@user-H81M-S:~/Dhaval-DEVOPS-28/devops-git-demo$ ls
dhaval.py
user@user-H81M-S:~/Dhaval-DEVOPS-28/devops-git-demo$ git status
On branch master

Initial commit

Changes to be committed:
  (use "git rm --cached <file>..." to unstage)

	new file:   dhaval.py

user@user-H81M-S:~/Dhaval-DEVOPS-28/devops-git-demo$ ls -a
.  ..  dhaval.py  .git
user@user-H81M-S:~/Dhaval-DEVOPS-28/devops-git-demo$ git commit -m "version-1"
[master (root-commit) f0ec7f1] version-1
 1 file changed, 1 insertion(+)
 create mode 100644 dhaval.py
user@user-H81M-S:~/Dhaval-DEVOPS-28/devops-git-demo$ git status
On branch master
nothing to commit, working directory clean
user@user-H81M-S:~/Dhaval-DEVOPS-28/devops-git-demo$ nano index.html
user@user-H81M-S:~/Dhaval-DEVOPS-28/devops-git-demo$ ls
dhaval.py  index.html
user@user-H81M-S:~/Dhaval-DEVOPS-28/devops-git-demo$ git status
On branch master
Untracked files:
  (use "git add <file>..." to include in what will be committed)

	index.html

nothing added to commit but untracked files present (use "git add" to track)
user@user-H81M-S:~/Dhaval-DEVOPS-28/devops-git-demo$ git commit -m "version-2"
On branch master
Untracked files:
	index.html

nothing added to commit but untracked files present
user@user-H81M-S:~/Dhaval-DEVOPS-28/devops-git-demo$ git status
On branch master
Untracked files:
  (use "git add <file>..." to include in what will be committed)

	index.html

nothing added to commit but untracked files present (use "git add" to track)
user@user-H81M-S:~/Dhaval-DEVOPS-28/devops-git-demo$ git commit -m "version-2"
On branch master
Untracked files:
	index.html

nothing added to commit but untracked files present
user@user-H81M-S:~/Dhaval-DEVOPS-28/devops-git-demo$ git status
On branch master
Untracked files:
  (use "git add <file>..." to include in what will be committed)

	index.html

nothing added to commit but untracked files present (use "git add" to track)
user@user-H81M-S:~/Dhaval-DEVOPS-28/devops-git-demo$ git add .
user@user-H81M-S:~/Dhaval-DEVOPS-28/devops-git-demo$ git status
On branch master
Changes to be committed:
  (use "git reset HEAD <file>..." to unstage)

	new file:   index.html

user@user-H81M-S:~/Dhaval-DEVOPS-28/devops-git-demo$ git commit -m "version-2"
[master 132a599] version-2
 1 file changed, 10 insertions(+)
 create mode 100644 index.html
user@user-H81M-S:~/Dhaval-DEVOPS-28/devops-git-demo$ 






hint: Updates were rejected because the remote contains work that you do
hint: not have locally. This is usually caused by another repository pushing
hint: to the same ref. You may want to first integrate the remote changes
hint: (e.g., 'git pull ...') before pushing again.
hint: See the 'Note about fast-forwards' in 'git push --help' for details.
user@user-H81M-S:~/Dhaval-DEVOPS-28/devops-git-demo$ git remote add origin https://github.com/dhaval18k/sample.git
fatal: remote origin already exists.
user@user-H81M-S:~/Dhaval-DEVOPS-28/devops-git-demo$ git push -u origin masterUsername for 'https://github.com': dhaval18k
Password for 'https://dhaval18k@github.com': 
To https://github.com/dhaval18k/DEV-ops-lab.git
 ! [rejected]        master -> master (fetch first)
error: failed to push some refs to 'https://github.com/dhaval18k/DEV-ops-lab.git'
hint: Updates were rejected because the remote contains work that you do
hint: not have locally. This is usually caused by another repository pushing
hint: to the same ref. You may want to first integrate the remote changes
hint: (e.g., 'git pull ...') before pushing again.
hint: See the 'Note about fast-forwards' in 'git push --help' for details.
user@user-H81M-S:~/Dhaval-DEVOPS-28/devops-git-demo$ git remote add origin https://github.com/dhaval18k/sample.git
fatal: remote origin already exists.
user@user-H81M-S:~/Dhaval-DEVOPS-28/devops-git-demo$ clear
user@user-H81M-S:~/Dhaval-DEVOPS-28/devops-git-demo$ git remote add origin https://github.com/dhaval18k/sample.git
fatal: remote origin already exists.
user@user-H81M-S:~/Dhaval-DEVOPS-28/devops-git-demo$ git remote add origin https://github.com/dhaval18k/dk.git
fatal: remote origin already exists.
user@user-H81M-S:~/Dhaval-DEVOPS-28/devops-git-demo$ git remote set-url origin https://github.com/dhaval18k/dk.git
user@user-H81M-S:~/Dhaval-DEVOPS-28/devops-git-demo$ git push -u origin master
Username for 'https://github.com': dhaval18k
Password for 'https://dhaval18k@github.com': 
To https://github.com/dhaval18k/dk.git
 ! [rejected]        master -> master (fetch first)
error: failed to push some refs to 'https://github.com/dhaval18k/dk.git'
hint: Updates were rejected because the remote contains work that you do
hint: not have locally. This is usually caused by another repository pushing
hint: to the same ref. You may want to first integrate the remote changes
hint: (e.g., 'git pull ...') before pushing again.
hint: See the 'Note about fast-forwards' in 'git push --help' for details.
user@user-H81M-S:~/Dhaval-DEVOPS-28/devops-git-demo$ git push origin master
Username for 'https://github.com': dhaval18k
Password for 'https://dhaval18k@github.com': 
To https://github.com/dhaval18k/dk.git
 ! [rejected]        master -> master (fetch first)
error: failed to push some refs to 'https://github.com/dhaval18k/dk.git'
hint: Updates were rejected because the remote contains work that you do
hint: not have locally. This is usually caused by another repository pushing
hint: to the same ref. You may want to first integrate the remote changes
hint: (e.g., 'git pull ...') before pushing again.
hint: See the 'Note about fast-forwards' in 'git push --help' for details.
user@user-H81M-S:~/Dhaval-DEVOPS-28/devops-git-demo$ git remote add origin https://github.com/dhaval18k/sample.git
fatal: remote origin already exists.
user@user-H81M-S:~/Dhaval-DEVOPS-28/devops-git-demo$ git remote add-url origin https://github.com/dhaval18k/sample.git
error: Unknown subcommand: add-url
usage: git remote [-v | --verbose]
   or: git remote add [-t <branch>] [-m <master>] [-f] [--tags | --no-tags] [--mirror=<fetch|push>] <name> <url>
   or: git remote rename <old> <new>
   or: git remote remove <name>
   or: git remote set-head <name> (-a | --auto | -d | --delete | <branch>)
   or: git remote [-v | --verbose] show [-n] <name>
   or: git remote prune [-n | --dry-run] <name>
   or: git remote [-v | --verbose] update [-p | --prune] [(<group> | <remote>)...]
   or: git remote set-branches [--add] <name> <branch>...
   or: git remote get-url [--push] [--all] <name>
   or: git remote set-url [--push] <name> <newurl> [<oldurl>]
   or: git remote set-url --add <name> <newurl>
   or: git remote set-url --delete <name> <url>

    -v, --verbose         be verbose; must be placed before a subcommand

user@user-H81M-S:~/Dhaval-DEVOPS-28/devops-git-demo$ git remote set-url https://github.com/dhaval18k/sample.git
usage: git remote set-url [--push] <name> <newurl> [<oldurl>]
   or: git remote set-url --add <name> <newurl>
   or: git remote set-url --delete <name> <url>

    --push                manipulate push URLs
    --add                 add URL
    --delete              delete URLs

user@user-H81M-S:~/Dhaval-DEVOPS-28/devops-git-demo$ git push origin master
Username for 'https://github.com': dhaval18k
Password for 'https://dhaval18k@github.com': 
To https://github.com/dhaval18k/dk.git
 ! [rejected]        master -> master (fetch first)
error: failed to push some refs to 'https://github.com/dhaval18k/dk.git'
hint: Updates were rejected because the remote contains work that you do
hint: not have locally. This is usually caused by another repository pushing
hint: to the same ref. You may want to first integrate the remote changes
hint: (e.g., 'git pull ...') before pushing again.
hint: See the 'Note about fast-forwards' in 'git push --help' for details.
user@user-H81M-S:~/Dhaval-DEVOPS-28/devops-git-demo$ git push --help
user@user-H81M-S:~/Dhaval-DEVOPS-28/devops-git-demo$ 
user@user-H81M-S:~/Dhaval-DEVOPS-28/devops-git-demo$ git push --all  origin master
error: --all can't be combined with refspecs
usage: git push [<options>] [<repository> [<refspec>...]]

    -v, --verbose         be more verbose
    -q, --quiet           be more quiet
    --repo <repository>   repository
    --all                 push all refs
    --mirror              mirror all refs
    --delete              delete refs
    --tags                push tags (can't be used with --all or --mirror)
    -n, --dry-run         dry run
    --porcelain           machine-readable output
    -f, --force           force updates
    --force-with-lease[=<refname>:<expect>]
                          require old value of ref to be at this value
    --recurse-submodules[=<check|on-demand|no>]
                          control recursive pushing of submodules
    --thin                use thin pack
    --receive-pack <receive-pack>
                          receive pack program
    --exec <receive-pack>
                          receive pack program
    -u, --set-upstream    set upstream for git pull/status
    --progress            force progress reporting
    --prune               prune locally removed refs
    --no-verify           bypass pre-push hook
    --follow-tags         push missing but relevant tags
    --signed[=<yes|no|if-asked>]
                          GPG sign the push
    --atomic              request atomic transaction on remote side

user@user-H81M-S:~/Dhaval-DEVOPS-28/devops-git-demo$ git pull 
warning: no common commits
remote: Enumerating objects: 3, done.
remote: Counting objects: 100% (3/3), done.
remote: Total 3 (delta 0), reused 0 (delta 0), pack-reused 0
Unpacking objects: 100% (3/3), done.
From https://github.com/dhaval18k/dk
 * [new branch]      master     -> origin/master
There is no tracking information for the current branch.
Please specify which branch you want to merge with.
See git-pull(1) for details.

    git pull <remote> <branch>

If you wish to set tracking information for this branch you can do so with:

    git branch --set-upstream-to=origin/<branch> master

user@user-H81M-S:~/Dhaval-DEVOPS-28/devops-git-demo$ git pull 
There is no tracking information for the current branch.
Please specify which branch you want to merge with.
See git-pull(1) for details.

    git pull <remote> <branch>

If you wish to set tracking information for this branch you can do so with:

    git branch --set-upstream-to=origin/<branch> master

user@user-H81M-S:~/Dhaval-DEVOPS-28/devops-git-demo$ nano dhaval.py
user@user-H81M-S:~/Dhaval-DEVOPS-28/devops-git-demo$ 
